// Jest Snapshot v1, https://goo.gl/fbAQLP

exports[`<CardPreview /> renders a CardPreview properly 1`] = `
.emotion-0 {
  font-family: Motiva Sans;
  box-sizing: border-box;
  background: url(example.gif) center center no-repeat #000000;
  -webkit-background-size: contain;
  background-size: contain;
  height: 0;
  padding-bottom: 56.25%;
}

<div
  className="emotion-0 emotion-1"
/>
`;
