// Jest Snapshot v1, https://goo.gl/fbAQLP

exports[`<Tooltip /> properly renders a tooltip 1`] = `
<Tooltip
  content="Hello World"
  render={null}
  title={null}
>
  <ForwardRef(TippyWrapper)
    offset={
      Array [
        0,
        4,
      ]
    }
    plugins={
      Array [
        Object {
          "defaultValue": false,
          "fn": [Function],
          "name": "sticky",
        },
        Object {
          "fn": [Function],
        },
      ]
    }
    popperOptions={
      Object {
        "modifiers": Array [
          Object {
            "name": "preventOverflow",
            "options": Object {
              "padding": 4,
            },
          },
        ],
      }
    }
    render={[Function]}
  >
    <Tippy
      offset={
        Array [
          0,
          4,
        ]
      }
      plugins={
        Array [
          Object {
            "defaultValue": false,
            "fn": [Function],
            "name": "sticky",
          },
          Object {
            "fn": [Function],
          },
        ]
      }
      popperOptions={
        Object {
          "modifiers": Array [
            Object {
              "name": "preventOverflow",
              "options": Object {
                "padding": 4,
              },
            },
          ],
        }
      }
      render={[Function]}
    >
      <p>
        I have a tooltip
      </p>
      <Portal
        containerInfo={
          <div
            data-tippy-root=""
            id="tippy-1"
            style="pointer-events: none; z-index: 9999;"
          >
            
          </div>
        }
      />
    </Tippy>
  </ForwardRef(TippyWrapper)>
</Tooltip>
`;
