// Jest Snapshot v1, https://goo.gl/fbAQLP

exports[`renders a CTA button 1`] = `
.emotion-0 {
  font-family: Open Sans;
  font-weight: 400;
  line-height: 1.5;
  font-size: 0.875rem;
  margin-bottom: 0.875rem;
  color: #222222;
  border: none;
  color: #FFFFFF;
  font-weight: 600;
  line-height: 1.5;
  margin-bottom: 0;
  outline: none;
  -webkit-transition: box-shadow 0.3s ease,background 0.2s ease;
  transition: box-shadow 0.3s ease,background 0.2s ease;
  background: #4466EE;
  border-radius: 6px;
  box-shadow: 0px 1px 3px rgba(68,102,238,0.3),inset 0px -1px 0px rgba(0,0,0,0.1);
  padding: 0.75rem 0;
  text-transform: uppercase;
  width: 328px;
}

.emotion-0:hover:enabled {
  background: #5577FF;
  box-shadow: 0px 2px 6px rgba(85,119,255,0.2);
}

.emotion-0:disabled {
  background: #666666;
  box-shadow: none;
}

.emotion-0:active:enabled {
  background: #4466EE;
  box-shadow: 0px 0px 0px 1px #FFFFFF,#4455CC 0px 0px 0px 2px;
}

<button
  className="emotion-0 emotion-1"
  disabled={false}
>
  CTA
</button>
`;
