// Jest Snapshot v1, https://goo.gl/fbAQLP

exports[`<Card /> renders a Card properly 1`] = `
.emotion-0 {
  font-family: Motiva Sans;
  background-color: #FFFFFF;
  overflow: hidden;
  box-sizing: border-box;
  border-radius: 6px;
  box-shadow: 0 0 1px rgba(37,39,45,0.47);
  display: grid;
  width: 100%;
}

<div
  className="emotion-0 emotion-1"
  display="grid"
  overflow="hidden"
  width="100%"
/>
`;
