// Jest Snapshot v1, https://goo.gl/fbAQLP

exports[`<Card /> renders a Card properly 1`] = `
.emotion-0 {
  box-sizing: border-box;
  border-radius: 6px;
  box-shadow: 0 0 1px rgba(37,39,45,0.47);
  background-color: #FFFFFF;
  width: 100%;
  display: grid;
}

<div
  className="emotion-0 emotion-1"
  width="100%"
/>
`;
